completed=1
mode=single
discovered=85
selected=1
executed=1
reported=1
killed=1
invalid=0
survived=0
could_not_apply=0
integrity_ok=1
secs_total=<VOLATILE>
secs_copy=<VOLATILE>
secs_build=<VOLATILE>
secs_gate=<VOLATILE>
secs_other=<VOLATILE>
qualified=0
families_declared=85
families_run=1
killed_by_gate=1
killed_by_build=0
baseline_gates_green=1/1
gates_proven=1/85
failed=0
evidence_written=1
evidence_root=<VOLATILE>
families_digest=b24c8555d3bab4411ac8403958a8f055988ef6dafff0aa0306b585a5529b1b61
evidence_dir=<VOLATILE>
run_id=<VOLATILE>
head=<VOLATILE>
executed_driver_sha=d29b9542988e8fd987e1c130ca60d40d
preamble_driver_sha=d29b9542988e8fd987e1c130ca60d40d
repo_driver_sha=d29b9542988e8fd987e1c130ca60d40d
inventory_sha=19858417b23326a3c12ed0a44485345b
tracked_sha=e3b0c44298fc1c149afbf4c8996fb924
workspace_tracked_sha=e3b0c44298fc1c149afbf4c8996fb924
workspace_head=<VOLATILE>
workspace_untracked_sha=e3b0c44298fc1c149afbf4c8996fb924
baseline_compiler_sha=<VOLATILE>
compilers_tested=per-family-rebuilds
untracked_sha=e3b0c44298fc1c149afbf4c8996fb924
refusals= single_family_selected(85)
supervisor_refusals=none
supervisor_child_exit=0
candidate_incoherent=none
