completed=1
mode=single
discovered=91
selected=1
executed=1
reported=1
killed=1
invalid=0
survived=0
could_not_apply=0
integrity_ok=1
secs_total=<VOLATILE>
secs_copy=<VOLATILE>
secs_build=<VOLATILE>
secs_gate=<VOLATILE>
secs_other=<VOLATILE>
qualified=0
families_declared=91
families_run=1
killed_by_gate=1
killed_by_build=0
baseline_gates_green=1/1
gates_proven=1/91
failed=0
evidence_written=1
evidence_root=<VOLATILE>
families_digest=cef20924aec4dbbec96499f73fa8a68c8a09114124cd19a5bd8a1178aa789a52
evidence_dir=<VOLATILE>
run_id=<VOLATILE>
head=<VOLATILE>
executed_driver_sha=9ada2fb20033d03438da955fe01f984a
preamble_driver_sha=9ada2fb20033d03438da955fe01f984a
repo_driver_sha=9ada2fb20033d03438da955fe01f984a
inventory_sha=a674326ad2bf64eb749e2883d144ba19
tracked_sha=e3b0c44298fc1c149afbf4c8996fb924
workspace_tracked_sha=e3b0c44298fc1c149afbf4c8996fb924
workspace_head=<VOLATILE>
workspace_untracked_sha=e3b0c44298fc1c149afbf4c8996fb924
baseline_compiler_sha=<VOLATILE>
compilers_tested=per-family-rebuilds
untracked_sha=e3b0c44298fc1c149afbf4c8996fb924
refusals= single_family_selected(91)
supervisor_refusals=none
supervisor_child_exit=0
candidate_incoherent=none
